// Jest Snapshot v1, https://goo.gl/fbAQLP

exports[`RootContainerChart synth Service deployment and run as root 1`] = `
[
  {
    "apiVersion": "v1",
    "kind": "Service",
    "metadata": {
      "name": "test-chart-service-c8a895ee",
    },
    "spec": {
      "ports": [
        {
          "port": 80,
          "targetPort": 8080,
        },
      ],
      "selector": {
        "app": "root-user-container",
      },
      "type": "LoadBalancer",
    },
  },
  {
    "apiVersion": "apps/v1",
    "kind": "Deployment",
    "metadata": {
      "name": "test-chart-deployment-c8d4e901",
    },
    "spec": {
      "replicas": 2,
      "selector": {
        "matchLabels": {
          "app": "root-user-container",
        },
      },
      "template": {
        "metadata": {
          "labels": {
            "app": "root-user-container",
          },
        },
        "spec": {
          "containers": [
            {
              "image": "nginx:latest",
              "name": "nginx",
              "ports": [
                {
                  "containerPort": 8080,
                },
              ],
              "securityContext": {
                "runAsUser": 0,
              },
            },
          ],
        },
      },
    },
  },
]
`;
