// Jest Snapshot v1, https://goo.gl/fbAQLP

exports[`ClusterAdminChart synth Deploy service account and bind cluster role 1`] = `
[
  {
    "apiVersion": "v1",
    "automountServiceAccountToken": false,
    "kind": "ServiceAccount",
    "metadata": {
      "name": "test-chart-dvldbadminserviceaccount-c82124ef",
    },
  },
  {
    "apiVersion": "rbac.authorization.k8s.io/v1",
    "kind": "ClusterRoleBinding",
    "metadata": {
      "name": "dvldb-cluster-admin",
    },
    "roleRef": {
      "apiGroup": "rbac.authorization.k8s.io",
      "kind": "ClusterRole",
      "name": "cluster-admin",
    },
    "subjects": [
      {
        "kind": "ServiceAccount",
        "name": "test-chart-dvldbadminserviceaccount-c82124ef",
        "namespace": "default",
      },
    ],
  },
]
`;
